// Jest Snapshot v1, https://goo.gl/fbAQLP

exports[`CentralLogsBucket Construct(CentralLogsBucket):  Snapshot Test 1`] = `
{
  "Resources": {
    "AccessLogsBucketFA218D2A": {
      "DeletionPolicy": "Retain",
      "Properties": {
        "AccessControl": "LogDeliveryWrite",
        "BucketEncryption": {
          "ServerSideEncryptionConfiguration": [
            {
              "ServerSideEncryptionByDefault": {
                "SSEAlgorithm": "AES256",
              },
            },
          ],
        },
        "BucketName": {
          "Fn::Join": [
            "",
            [
              "aws-accelerator-s3-access-logs-",
              {
                "Ref": "AWS::AccountId",
              },
              "-",
              {
                "Ref": "AWS::Region",
              },
            ],
          ],
        },
        "LifecycleConfiguration": {
          "Rules": [
            {
              "AbortIncompleteMultipartUpload": {
                "DaysAfterInitiation": 1,
              },
              "ExpirationInDays": 1825,
              "ExpiredObjectDeleteMarker": false,
              "Id": {
                "Fn::Join": [
                  "",
                  [
                    "LifecycleRuleaws-accelerator-s3-access-logs-",
                    {
                      "Ref": "AWS::AccountId",
                    },
                    "-",
                    {
                      "Ref": "AWS::Region",
                    },
                  ],
                ],
              },
              "NoncurrentVersionExpiration": {
                "NoncurrentDays": 1825,
              },
              "NoncurrentVersionTransitions": [
                {
                  "StorageClass": "DEEP_ARCHIVE",
                  "TransitionInDays": 366,
                },
              ],
              "Status": "Enabled",
              "Transitions": [
                {
                  "StorageClass": "DEEP_ARCHIVE",
                  "TransitionInDays": 365,
                },
              ],
            },
          ],
        },
        "OwnershipControls": {
          "Rules": [
            {
              "ObjectOwnership": "BucketOwnerPreferred",
            },
          ],
        },
        "PublicAccessBlockConfiguration": {
          "BlockPublicAcls": true,
          "BlockPublicPolicy": true,
          "IgnorePublicAcls": true,
          "RestrictPublicBuckets": true,
        },
        "VersioningConfiguration": {
          "Status": "Enabled",
        },
      },
      "Type": "AWS::S3::Bucket",
      "UpdateReplacePolicy": "Retain",
    },
    "AccessLogsBucketPolicy00F12803": {
      "Properties": {
        "Bucket": {
          "Ref": "AccessLogsBucketFA218D2A",
        },
        "PolicyDocument": {
          "Statement": [
            {
              "Action": "s3:*",
              "Condition": {
                "Bool": {
                  "aws:SecureTransport": "false",
                },
              },
              "Effect": "Deny",
              "Principal": {
                "AWS": "*",
              },
              "Resource": [
                {
                  "Fn::GetAtt": [
                    "AccessLogsBucketFA218D2A",
                    "Arn",
                  ],
                },
                {
                  "Fn::Join": [
                    "",
                    [
                      {
                        "Fn::GetAtt": [
                          "AccessLogsBucketFA218D2A",
                          "Arn",
                        ],
                      },
                      "/*",
                    ],
                  ],
                },
              ],
              "Sid": "deny-insecure-connections",
            },
          ],
          "Version": "2012-10-17",
        },
      },
      "Type": "AWS::S3::BucketPolicy",
    },
    "CentralLogsBucket447B5C59": {
      "DeletionPolicy": "Retain",
      "Properties": {
        "BucketEncryption": {
          "ServerSideEncryptionConfiguration": [
            {
              "ServerSideEncryptionByDefault": {
                "KMSMasterKeyID": {
                  "Fn::GetAtt": [
                    "CentralLogsBucketCmkBA0AB2FC",
                    "Arn",
                  ],
                },
                "SSEAlgorithm": "aws:kms",
              },
            },
          ],
        },
        "BucketName": {
          "Fn::Join": [
            "",
            [
              "aws-accelerator-central-logs-",
              {
                "Ref": "AWS::AccountId",
              },
              "-",
              {
                "Ref": "AWS::Region",
              },
            ],
          ],
        },
        "LifecycleConfiguration": {
          "Rules": [
            {
              "AbortIncompleteMultipartUpload": {
                "DaysAfterInitiation": 1,
              },
              "ExpirationInDays": 1825,
              "ExpiredObjectDeleteMarker": false,
              "Id": {
                "Fn::Join": [
                  "",
                  [
                    "LifecycleRuleaws-accelerator-central-logs-",
                    {
                      "Ref": "AWS::AccountId",
                    },
                    "-",
                    {
                      "Ref": "AWS::Region",
                    },
                  ],
                ],
              },
              "NoncurrentVersionExpiration": {
                "NoncurrentDays": 1825,
              },
              "NoncurrentVersionTransitions": [
                {
                  "StorageClass": "DEEP_ARCHIVE",
                  "TransitionInDays": 366,
                },
              ],
              "Status": "Enabled",
              "Transitions": [
                {
                  "StorageClass": "DEEP_ARCHIVE",
                  "TransitionInDays": 365,
                },
              ],
            },
          ],
        },
        "LoggingConfiguration": {
          "DestinationBucketName": {
            "Ref": "AccessLogsBucketFA218D2A",
          },
          "LogFilePrefix": {
            "Fn::Join": [
              "",
              [
                "aws-accelerator-central-logs-",
                {
                  "Ref": "AWS::AccountId",
                },
                "-",
                {
                  "Ref": "AWS::Region",
                },
                "/",
              ],
            ],
          },
        },
        "OwnershipControls": {
          "Rules": [
            {
              "ObjectOwnership": "BucketOwnerPreferred",
            },
          ],
        },
        "PublicAccessBlockConfiguration": {
          "BlockPublicAcls": true,
          "BlockPublicPolicy": true,
          "IgnorePublicAcls": true,
          "RestrictPublicBuckets": true,
        },
        "VersioningConfiguration": {
          "Status": "Enabled",
        },
      },
      "Type": "AWS::S3::Bucket",
      "UpdateReplacePolicy": "Retain",
    },
    "CentralLogsBucketCmkAlias286EB783": {
      "Properties": {
        "AliasName": "alias/accelerator/central-logs/s3",
        "TargetKeyId": {
          "Fn::GetAtt": [
            "CentralLogsBucketCmkBA0AB2FC",
            "Arn",
          ],
        },
      },
      "Type": "AWS::KMS::Alias",
    },
    "CentralLogsBucketCmkBA0AB2FC": {
      "DeletionPolicy": "Retain",
      "Properties": {
        "Description": "AWS Accelerator Central Logs Bucket CMK",
        "EnableKeyRotation": true,
        "KeyPolicy": {
          "Statement": [
            {
              "Action": "kms:*",
              "Effect": "Allow",
              "Principal": {
                "AWS": {
                  "Fn::Join": [
                    "",
                    [
                      "arn:",
                      {
                        "Ref": "AWS::Partition",
                      },
                      ":iam::",
                      {
                        "Ref": "AWS::AccountId",
                      },
                      ":root",
                    ],
                  ],
                },
              },
              "Resource": "*",
            },
            {
              "Action": "kms:*",
              "Effect": "Allow",
              "Principal": {
                "AWS": {
                  "Fn::Join": [
                    "",
                    [
                      "arn:",
                      {
                        "Ref": "AWS::Partition",
                      },
                      ":iam::",
                      {
                        "Ref": "AWS::AccountId",
                      },
                      ":root",
                    ],
                  ],
                },
              },
              "Resource": "*",
              "Sid": "Enable IAM User Permissions",
            },
            {
              "Action": [
                "kms:Decrypt",
                "kms:DescribeKey",
                "kms:Encrypt",
                "kms:GenerateDataKey",
                "kms:GenerateDataKeyWithoutPlaintext",
                "kms:GenerateRandom",
                "kms:GetKeyPolicy",
                "kms:GetKeyRotationStatus",
                "kms:ListAliases",
                "kms:ListGrants",
                "kms:ListKeyPolicies",
                "kms:ListKeys",
                "kms:ListResourceTags",
                "kms:ListRetirableGrants",
                "kms:ReEncryptFrom",
                "kms:ReEncryptTo",
              ],
              "Effect": "Allow",
              "Principal": {
                "Service": "s3.amazonaws.com",
              },
              "Resource": "*",
              "Sid": "Allow S3 use of the key",
            },
            {
              "Action": [
                "kms:Decrypt",
                "kms:DescribeKey",
                "kms:Encrypt",
                "kms:GenerateDataKey",
                "kms:GenerateDataKeyPair",
                "kms:GenerateDataKeyPairWithoutPlaintext",
                "kms:GenerateDataKeyWithoutPlaintext",
                "kms:ReEncryptFrom",
                "kms:ReEncryptTo",
              ],
              "Effect": "Allow",
              "Principal": {
                "Service": [
                  "config.amazonaws.com",
                  "cloudtrail.amazonaws.com",
                  "delivery.logs.amazonaws.com",
                  "ssm.amazonaws.com",
                ],
              },
              "Resource": "*",
              "Sid": "Allow AWS Services to encrypt and describe logs",
            },
            {
              "Action": [
                "kms:Decrypt",
                "kms:DescribeKey",
                "kms:Encrypt",
                "kms:GenerateDataKey",
                "kms:GenerateDataKeyPair",
                "kms:GenerateDataKeyPairWithoutPlaintext",
                "kms:GenerateDataKeyWithoutPlaintext",
                "kms:ReEncryptFrom",
                "kms:ReEncryptTo",
                "kms:ListAliases",
              ],
              "Condition": {
                "StringEquals": {
                  "aws:PrincipalOrgID": "acceleratorOrg",
                },
              },
              "Effect": "Allow",
              "Principal": {
                "AWS": "*",
              },
              "Resource": "*",
              "Sid": "Allow Organization use of the key",
            },
          ],
          "Version": "2012-10-17",
        },
      },
      "Type": "AWS::KMS::Key",
      "UpdateReplacePolicy": "Retain",
    },
    "CentralLogsBucketCrossAccountCentralBucketKMSArnSsmParamAccessRole83E55C59": {
      "Properties": {
        "AssumeRolePolicyDocument": {
          "Statement": [
            {
              "Action": "sts:AssumeRole",
              "Condition": {
                "StringEquals": {
                  "aws:PrincipalOrgID": "acceleratorOrg",
                },
              },
              "Effect": "Allow",
              "Principal": {
                "AWS": "*",
              },
            },
          ],
          "Version": "2012-10-17",
        },
        "Policies": [
          {
            "PolicyDocument": {
              "Statement": [
                {
                  "Action": [
                    "ssm:GetParameters",
                    "ssm:GetParameter",
                  ],
                  "Condition": {
                    "ArnLike": {
                      "aws:PrincipalARN": [
                        {
                          "Fn::Join": [
                            "",
                            [
                              "arn:",
                              {
                                "Ref": "AWS::Partition",
                              },
                              ":iam::*:role/AWSAccelerator-*",
                            ],
                          ],
                        },
                      ],
                    },
                  },
                  "Effect": "Allow",
                  "Resource": {
                    "Fn::Join": [
                      "",
                      [
                        "arn:",
                        {
                          "Ref": "AWS::Partition",
                        },
                        ":ssm:",
                        {
                          "Ref": "AWS::Region",
                        },
                        ":",
                        {
                          "Ref": "AWS::AccountId",
                        },
                        ":parameter",
                        {
                          "Ref": "CentralLogsBucketSsmParamCentralAccountBucketKMSArn57B61EA3",
                        },
                      ],
                    ],
                  },
                },
                {
                  "Action": "ssm:DescribeParameters",
                  "Condition": {
                    "ArnLike": {
                      "aws:PrincipalARN": [
                        {
                          "Fn::Join": [
                            "",
                            [
                              "arn:",
                              {
                                "Ref": "AWS::Partition",
                              },
                              ":iam::*:role/AWSAccelerator-*",
                            ],
                          ],
                        },
                      ],
                    },
                  },
                  "Effect": "Allow",
                  "Resource": "*",
                },
              ],
              "Version": "2012-10-17",
            },
            "PolicyName": "default",
          },
        ],
        "RoleName": "AWSAccelerator-CentralBucket-KeyArnParam-Role",
      },
      "Type": "AWS::IAM::Role",
    },
    "CentralLogsBucketPolicyC0B90E7C": {
      "Properties": {
        "Bucket": {
          "Ref": "CentralLogsBucket447B5C59",
        },
        "PolicyDocument": {
          "Statement": [
            {
              "Action": "s3:*",
              "Condition": {
                "Bool": {
                  "aws:SecureTransport": "false",
                },
              },
              "Effect": "Deny",
              "Principal": {
                "AWS": "*",
              },
              "Resource": [
                {
                  "Fn::GetAtt": [
                    "CentralLogsBucket447B5C59",
                    "Arn",
                  ],
                },
                {
                  "Fn::Join": [
                    "",
                    [
                      {
                        "Fn::GetAtt": [
                          "CentralLogsBucket447B5C59",
                          "Arn",
                        ],
                      },
                      "/*",
                    ],
                  ],
                },
              ],
              "Sid": "deny-insecure-connections",
            },
            {
              "Action": "s3:PutObject",
              "Condition": {
                "StringEquals": {
                  "s3:x-amz-acl": "bucket-owner-full-control",
                },
              },
              "Effect": "Allow",
              "Principal": {
                "Service": [
                  "cloudtrail.amazonaws.com",
                  "config.amazonaws.com",
                  "delivery.logs.amazonaws.com",
                  "ssm.amazonaws.com",
                ],
              },
              "Resource": {
                "Fn::Join": [
                  "",
                  [
                    {
                      "Fn::GetAtt": [
                        "CentralLogsBucket447B5C59",
                        "Arn",
                      ],
                    },
                    "/*",
                  ],
                ],
              },
            },
            {
              "Action": [
                "s3:GetBucketAcl",
                "s3:ListBucket",
              ],
              "Effect": "Allow",
              "Principal": {
                "Service": [
                  "cloudtrail.amazonaws.com",
                  "config.amazonaws.com",
                  "delivery.logs.amazonaws.com",
                ],
              },
              "Resource": {
                "Fn::GetAtt": [
                  "CentralLogsBucket447B5C59",
                  "Arn",
                ],
              },
            },
            {
              "Action": [
                "s3:GetBucketLocation",
                "s3:GetBucketAcl",
                "s3:PutObject",
                "s3:GetObject",
                "s3:ListBucket",
              ],
              "Condition": {
                "ArnLike": {
                  "aws:PrincipalARN": [
                    {
                      "Fn::Join": [
                        "",
                        [
                          "arn:",
                          {
                            "Ref": "AWS::Partition",
                          },
                          ":iam::*:role/AWSAccelerator-*",
                        ],
                      ],
                    },
                    {
                      "Fn::Join": [
                        "",
                        [
                          "arn:",
                          {
                            "Ref": "AWS::Partition",
                          },
                          ":iam::*:role/cdk-accel-*",
                        ],
                      ],
                    },
                    {
                      "Fn::Join": [
                        "",
                        [
                          "arn:",
                          {
                            "Ref": "AWS::Partition",
                          },
                          ":iam::*:role/AWSControlTowerExecution",
                        ],
                      ],
                    },
                  ],
                },
                "StringEquals": {
                  "aws:PrincipalOrgID": "acceleratorOrg",
                },
              },
              "Effect": "Allow",
              "Principal": {
                "AWS": "*",
              },
              "Resource": [
                {
                  "Fn::GetAtt": [
                    "CentralLogsBucket447B5C59",
                    "Arn",
                  ],
                },
                {
                  "Fn::Join": [
                    "",
                    [
                      {
                        "Fn::GetAtt": [
                          "CentralLogsBucket447B5C59",
                          "Arn",
                        ],
                      },
                      "/*",
                    ],
                  ],
                },
              ],
              "Sid": "Allow Organization principals to use the bucket",
            },
            {
              "Action": [
                "s3:List*",
                "s3:GetBucketVersioning",
                "s3:PutBucketVersioning",
                "s3:ReplicateDelete",
                "s3:ReplicateObject",
                "s3:ObjectOwnerOverrideToBucketOwner",
              ],
              "Condition": {
                "StringEquals": {
                  "aws:PrincipalOrgID": "acceleratorOrg",
                },
              },
              "Effect": "Allow",
              "Principal": {
                "AWS": "*",
              },
              "Resource": [
                {
                  "Fn::GetAtt": [
                    "CentralLogsBucket447B5C59",
                    "Arn",
                  ],
                },
                {
                  "Fn::Join": [
                    "",
                    [
                      {
                        "Fn::GetAtt": [
                          "CentralLogsBucket447B5C59",
                          "Arn",
                        ],
                      },
                      "/*",
                    ],
                  ],
                },
              ],
              "Sid": "Allow Organization use of the bucket for replication",
            },
          ],
          "Version": "2012-10-17",
        },
      },
      "Type": "AWS::S3::BucketPolicy",
    },
    "CentralLogsBucketSsmParamCentralAccountBucketKMSArn57B61EA3": {
      "Properties": {
        "Name": "/accelerator/logging/central-bucket/kms/arn",
        "Type": "String",
        "Value": {
          "Fn::GetAtt": [
            "CentralLogsBucketCmkBA0AB2FC",
            "Arn",
          ],
        },
      },
      "Type": "AWS::SSM::Parameter",
    },
  },
}
`;
