// Jest Snapshot v1, https://goo.gl/fbAQLP

exports[`LaunchTemplate Construct(FirewallAutoScalingGroup):  Snapshot Test 1`] = `
{
  "Mappings": {
    "LatestNodeRuntimeMap": {
      "af-south-1": {
        "value": "nodejs20.x",
      },
      "ap-east-1": {
        "value": "nodejs20.x",
      },
      "ap-northeast-1": {
        "value": "nodejs20.x",
      },
      "ap-northeast-2": {
        "value": "nodejs20.x",
      },
      "ap-northeast-3": {
        "value": "nodejs20.x",
      },
      "ap-south-1": {
        "value": "nodejs20.x",
      },
      "ap-south-2": {
        "value": "nodejs20.x",
      },
      "ap-southeast-1": {
        "value": "nodejs20.x",
      },
      "ap-southeast-2": {
        "value": "nodejs20.x",
      },
      "ap-southeast-3": {
        "value": "nodejs20.x",
      },
      "ap-southeast-4": {
        "value": "nodejs20.x",
      },
      "ap-southeast-5": {
        "value": "nodejs20.x",
      },
      "ap-southeast-7": {
        "value": "nodejs20.x",
      },
      "ca-central-1": {
        "value": "nodejs20.x",
      },
      "ca-west-1": {
        "value": "nodejs20.x",
      },
      "cn-north-1": {
        "value": "nodejs18.x",
      },
      "cn-northwest-1": {
        "value": "nodejs18.x",
      },
      "eu-central-1": {
        "value": "nodejs20.x",
      },
      "eu-central-2": {
        "value": "nodejs20.x",
      },
      "eu-isoe-west-1": {
        "value": "nodejs18.x",
      },
      "eu-north-1": {
        "value": "nodejs20.x",
      },
      "eu-south-1": {
        "value": "nodejs20.x",
      },
      "eu-south-2": {
        "value": "nodejs20.x",
      },
      "eu-west-1": {
        "value": "nodejs20.x",
      },
      "eu-west-2": {
        "value": "nodejs20.x",
      },
      "eu-west-3": {
        "value": "nodejs20.x",
      },
      "il-central-1": {
        "value": "nodejs20.x",
      },
      "me-central-1": {
        "value": "nodejs20.x",
      },
      "me-south-1": {
        "value": "nodejs20.x",
      },
      "mx-central-1": {
        "value": "nodejs20.x",
      },
      "sa-east-1": {
        "value": "nodejs20.x",
      },
      "us-east-1": {
        "value": "nodejs20.x",
      },
      "us-east-2": {
        "value": "nodejs20.x",
      },
      "us-gov-east-1": {
        "value": "nodejs18.x",
      },
      "us-gov-west-1": {
        "value": "nodejs18.x",
      },
      "us-iso-east-1": {
        "value": "nodejs18.x",
      },
      "us-iso-west-1": {
        "value": "nodejs18.x",
      },
      "us-isob-east-1": {
        "value": "nodejs18.x",
      },
      "us-west-1": {
        "value": "nodejs20.x",
      },
      "us-west-2": {
        "value": "nodejs20.x",
      },
    },
  },
  "Resources": {
    "CustomKey1E6D0D07": {
      "DeletionPolicy": "Retain",
      "Properties": {
        "KeyPolicy": {
          "Statement": [
            {
              "Action": "kms:*",
              "Effect": "Allow",
              "Principal": {
                "AWS": {
                  "Fn::Join": [
                    "",
                    [
                      "arn:",
                      {
                        "Ref": "AWS::Partition",
                      },
                      ":iam::",
                      {
                        "Ref": "AWS::AccountId",
                      },
                      ":root",
                    ],
                  ],
                },
              },
              "Resource": "*",
            },
          ],
          "Version": "2012-10-17",
        },
      },
      "Type": "AWS::KMS::Key",
      "UpdateReplacePolicy": "Retain",
    },
    "CustomKeyCloudWatchFB91CD4E": {
      "DeletionPolicy": "Retain",
      "Properties": {
        "KeyPolicy": {
          "Statement": [
            {
              "Action": "kms:*",
              "Effect": "Allow",
              "Principal": {
                "AWS": {
                  "Fn::Join": [
                    "",
                    [
                      "arn:",
                      {
                        "Ref": "AWS::Partition",
                      },
                      ":iam::",
                      {
                        "Ref": "AWS::AccountId",
                      },
                      ":root",
                    ],
                  ],
                },
              },
              "Resource": "*",
            },
          ],
          "Version": "2012-10-17",
        },
      },
      "Type": "AWS::KMS::Key",
      "UpdateReplacePolicy": "Retain",
    },
    "TestFirewallAutoScalingServiceLinkedRoleCreateServiceLinkedRoleFunction4263CA84": {
      "DependsOn": [
        "TestFirewallAutoScalingServiceLinkedRoleCreateServiceLinkedRoleFunctionServiceRoleDefaultPolicy1510F19B",
        "TestFirewallAutoScalingServiceLinkedRoleCreateServiceLinkedRoleFunctionServiceRole82A4BC5E",
      ],
      "Properties": {
        "Code": {
          "S3Bucket": {
            "Fn::Sub": "cdk-hnb659fds-assets-\${AWS::AccountId}-\${AWS::Region}",
          },
          "S3Key": "REPLACED-GENERATED-NAME.zip",
        },
        "Description": "Custom resource provider to create service linked role",
        "Handler": "index.handler",
        "KmsKeyArn": {
          "Fn::GetAtt": [
            "CustomKey1E6D0D07",
            "Arn",
          ],
        },
        "MemorySize": 512,
        "Role": {
          "Fn::GetAtt": [
            "TestFirewallAutoScalingServiceLinkedRoleCreateServiceLinkedRoleFunctionServiceRole82A4BC5E",
            "Arn",
          ],
        },
        "Runtime": "nodejs18.x",
        "Timeout": 900,
      },
      "Type": "AWS::Lambda::Function",
    },
    "TestFirewallAutoScalingServiceLinkedRoleCreateServiceLinkedRoleFunctionLogGroupB0B4539B": {
      "DeletionPolicy": "Delete",
      "Properties": {
        "KmsKeyId": {
          "Fn::GetAtt": [
            "CustomKeyCloudWatchFB91CD4E",
            "Arn",
          ],
        },
        "LogGroupName": {
          "Fn::Join": [
            "",
            [
              "/aws/lambda/",
              {
                "Ref": "TestFirewallAutoScalingServiceLinkedRoleCreateServiceLinkedRoleFunction4263CA84",
              },
            ],
          ],
        },
        "RetentionInDays": 3653,
      },
      "Type": "AWS::Logs::LogGroup",
      "UpdateReplacePolicy": "Delete",
    },
    "TestFirewallAutoScalingServiceLinkedRoleCreateServiceLinkedRoleFunctionServiceRole82A4BC5E": {
      "Properties": {
        "AssumeRolePolicyDocument": {
          "Statement": [
            {
              "Action": "sts:AssumeRole",
              "Effect": "Allow",
              "Principal": {
                "Service": "lambda.amazonaws.com",
              },
            },
          ],
          "Version": "2012-10-17",
        },
        "ManagedPolicyArns": [
          {
            "Fn::Join": [
              "",
              [
                "arn:",
                {
                  "Ref": "AWS::Partition",
                },
                ":iam::aws:policy/service-role/AWSLambdaBasicExecutionRole",
              ],
            ],
          },
        ],
      },
      "Type": "AWS::IAM::Role",
    },
    "TestFirewallAutoScalingServiceLinkedRoleCreateServiceLinkedRoleFunctionServiceRoleDefaultPolicy1510F19B": {
      "Properties": {
        "PolicyDocument": {
          "Statement": [
            {
              "Action": [
                "iam:CreateServiceLinkedRole",
                "iam:GetRole",
                "lambda:GetFunction",
              ],
              "Effect": "Allow",
              "Resource": "*",
            },
          ],
          "Version": "2012-10-17",
        },
        "PolicyName": "TestFirewallAutoScalingServiceLinkedRoleCreateServiceLinkedRoleFunctionServiceRoleDefaultPolicy1510F19B",
        "Roles": [
          {
            "Ref": "TestFirewallAutoScalingServiceLinkedRoleCreateServiceLinkedRoleFunctionServiceRole82A4BC5E",
          },
        ],
      },
      "Type": "AWS::IAM::Policy",
    },
    "TestFirewallAutoScalingServiceLinkedRoleCreateServiceLinkedRoleProviderframeworkonEvent7CB941E7": {
      "DependsOn": [
        "TestFirewallAutoScalingServiceLinkedRoleCreateServiceLinkedRoleProviderframeworkonEventServiceRoleDefaultPolicy607127A2",
        "TestFirewallAutoScalingServiceLinkedRoleCreateServiceLinkedRoleProviderframeworkonEventServiceRoleADF19690",
      ],
      "Properties": {
        "Code": {
          "S3Bucket": {
            "Fn::Sub": "cdk-hnb659fds-assets-\${AWS::AccountId}-\${AWS::Region}",
          },
          "S3Key": "REPLACED-GENERATED-NAME.zip",
        },
        "Description": "AWS CDK resource provider framework - onEvent (Default/TestFirewall/Resource/AutoScalingServiceLinkedRole/CreateServiceLinkedRoleProvider)",
        "Environment": {
          "Variables": {
            "USER_ON_EVENT_FUNCTION_ARN": {
              "Fn::GetAtt": [
                "TestFirewallAutoScalingServiceLinkedRoleCreateServiceLinkedRoleFunction4263CA84",
                "Arn",
              ],
            },
          },
        },
        "Handler": "framework.onEvent",
        "Role": {
          "Fn::GetAtt": [
            "TestFirewallAutoScalingServiceLinkedRoleCreateServiceLinkedRoleProviderframeworkonEventServiceRoleADF19690",
            "Arn",
          ],
        },
        "Runtime": {
          "Fn::FindInMap": [
            "LatestNodeRuntimeMap",
            {
              "Ref": "AWS::Region",
            },
            "value",
          ],
        },
        "Timeout": 900,
      },
      "Type": "AWS::Lambda::Function",
    },
    "TestFirewallAutoScalingServiceLinkedRoleCreateServiceLinkedRoleProviderframeworkonEventServiceRoleADF19690": {
      "Properties": {
        "AssumeRolePolicyDocument": {
          "Statement": [
            {
              "Action": "sts:AssumeRole",
              "Effect": "Allow",
              "Principal": {
                "Service": "lambda.amazonaws.com",
              },
            },
          ],
          "Version": "2012-10-17",
        },
        "ManagedPolicyArns": [
          {
            "Fn::Join": [
              "",
              [
                "arn:",
                {
                  "Ref": "AWS::Partition",
                },
                ":iam::aws:policy/service-role/AWSLambdaBasicExecutionRole",
              ],
            ],
          },
        ],
      },
      "Type": "AWS::IAM::Role",
    },
    "TestFirewallAutoScalingServiceLinkedRoleCreateServiceLinkedRoleProviderframeworkonEventServiceRoleDefaultPolicy607127A2": {
      "Properties": {
        "PolicyDocument": {
          "Statement": [
            {
              "Action": "lambda:InvokeFunction",
              "Effect": "Allow",
              "Resource": [
                {
                  "Fn::GetAtt": [
                    "TestFirewallAutoScalingServiceLinkedRoleCreateServiceLinkedRoleFunction4263CA84",
                    "Arn",
                  ],
                },
                {
                  "Fn::Join": [
                    "",
                    [
                      {
                        "Fn::GetAtt": [
                          "TestFirewallAutoScalingServiceLinkedRoleCreateServiceLinkedRoleFunction4263CA84",
                          "Arn",
                        ],
                      },
                      ":*",
                    ],
                  ],
                },
              ],
            },
          ],
          "Version": "2012-10-17",
        },
        "PolicyName": "TestFirewallAutoScalingServiceLinkedRoleCreateServiceLinkedRoleProviderframeworkonEventServiceRoleDefaultPolicy607127A2",
        "Roles": [
          {
            "Ref": "TestFirewallAutoScalingServiceLinkedRoleCreateServiceLinkedRoleProviderframeworkonEventServiceRoleADF19690",
          },
        ],
      },
      "Type": "AWS::IAM::Policy",
    },
    "TestFirewallAutoScalingServiceLinkedRoleCreateServiceLinkedRoleResource1EB49BEA": {
      "DeletionPolicy": "Delete",
      "DependsOn": [
        "TestFirewallAutoScalingServiceLinkedRoleCreateServiceLinkedRoleFunctionLogGroupB0B4539B",
      ],
      "Properties": {
        "ServiceToken": {
          "Fn::GetAtt": [
            "TestFirewallAutoScalingServiceLinkedRoleCreateServiceLinkedRoleProviderframeworkonEvent7CB941E7",
            "Arn",
          ],
        },
        "description": "Default Service-Linked Role enables access to AWS Services and Resources used or managed by Auto Scaling",
        "roleName": "AWSServiceRoleForAutoScaling",
        "serviceName": "autoscaling.amazonaws.com",
        "uuid": "REPLACED-UUID",
      },
      "Type": "Custom::CreateServiceLinkedRole",
      "UpdateReplacePolicy": "Delete",
    },
    "TestFirewallF12A004C": {
      "Properties": {
        "DesiredCapacity": "2",
        "HealthCheckGracePeriod": 300,
        "HealthCheckType": "ELB",
        "LaunchTemplate": {
          "LaunchTemplateId": {
            "Ref": "TestFirewallLaunchTemplateFF1988AF",
          },
          "Version": {
            "Fn::GetAtt": [
              "TestFirewallLaunchTemplateFF1988AF",
              "LatestVersionNumber",
            ],
          },
        },
        "MaxInstanceLifetime": 86400,
        "MaxSize": "4",
        "MinSize": "1",
        "Tags": [
          {
            "Key": "Name",
            "PropagateAtLaunch": true,
            "Value": "Test",
          },
        ],
        "TargetGroupARNs": [],
        "VPCZoneIdentifier": [
          "subnet-123xyz",
          "subnet-456abc",
        ],
      },
      "Type": "AWS::AutoScaling::AutoScalingGroup",
    },
    "TestFirewallLaunchTemplateFF1988AF": {
      "Properties": {
        "LaunchTemplateData": {
          "BlockDeviceMappings": [
            {
              "DeviceName": "dev/xvda",
              "Ebs": {
                "Encrypted": true,
              },
            },
          ],
          "IamInstanceProfile": {},
          "ImageId": "ami-123xyz",
          "InstanceType": "t3.large",
          "MetadataOptions": {
            "HttpTokens": "required",
          },
          "NetworkInterfaces": [
            {
              "DeviceIndex": 0,
              "Groups": [
                "Test",
              ],
              "SubnetId": "subnet-123xyz",
            },
          ],
          "SecurityGroupIds": [],
          "UserData": {
            "Fn::Base64": "S3 bucket name: test-bucket",
          },
        },
        "LaunchTemplateName": "test-firewall",
      },
      "Type": "AWS::EC2::LaunchTemplate",
    },
  },
}
`;
