// Jest Snapshot v1, https://goo.gl/fbAQLP

exports[`ApplicationsStack Construct(ApplicationsStack):  Snapshot Test 1`] = `
{
  "Resources": {
    "CustomPortfolioAssociationsRoleArnProviderCustomPortfolioAssociationsRoleArnProviderProviderLambda303083B3": {
      "DependsOn": [
        "CustomPortfolioAssociationsRoleArnProviderCustomPortfolioAssociationsRoleArnProviderProviderLambdaServiceRoleDefaultPolicy5A2D45EB",
        "CustomPortfolioAssociationsRoleArnProviderCustomPortfolioAssociationsRoleArnProviderProviderLambdaServiceRoleB97F1DC3",
      ],
      "Properties": {
        "Code": {
          "S3Bucket": "cdk-hnb659fds-assets-444444444444-us-east-1",
          "S3Key": "REPLACED-GENERATED-NAME.zip",
        },
        "Handler": "index.handler",
        "Role": {
          "Fn::GetAtt": [
            "CustomPortfolioAssociationsRoleArnProviderCustomPortfolioAssociationsRoleArnProviderProviderLambdaServiceRoleB97F1DC3",
            "Arn",
          ],
        },
        "Runtime": "nodejs18.x",
        "Timeout": 60,
      },
      "Type": "AWS::Lambda::Function",
    },
    "CustomPortfolioAssociationsRoleArnProviderCustomPortfolioAssociationsRoleArnProviderProviderLambdaServiceRoleB97F1DC3": {
      "Metadata": {
        "cdk_nag": {
          "rules_to_suppress": [
            {
              "id": "AwsSolutions-IAM4",
              "reason": "AWS Custom resource provider framework-role created by cdk.",
            },
          ],
        },
      },
      "Properties": {
        "AssumeRolePolicyDocument": {
          "Statement": [
            {
              "Action": "sts:AssumeRole",
              "Effect": "Allow",
              "Principal": {
                "Service": "lambda.amazonaws.com",
              },
            },
          ],
          "Version": "2012-10-17",
        },
        "ManagedPolicyArns": [
          {
            "Fn::Join": [
              "",
              [
                "arn:",
                {
                  "Ref": "AWS::Partition",
                },
                ":iam::aws:policy/service-role/AWSLambdaBasicExecutionRole",
              ],
            ],
          },
        ],
      },
      "Type": "AWS::IAM::Role",
    },
    "CustomPortfolioAssociationsRoleArnProviderCustomPortfolioAssociationsRoleArnProviderProviderLambdaServiceRoleDefaultPolicy5A2D45EB": {
      "Metadata": {
        "cdk_nag": {
          "rules_to_suppress": [
            {
              "id": "AwsSolutions-IAM5",
              "reason": "Allows only specific policy.",
            },
          ],
        },
      },
      "Properties": {
        "PolicyDocument": {
          "Statement": [
            {
              "Action": "iam:ListRoles",
              "Effect": "Allow",
              "Resource": "*",
            },
          ],
          "Version": "2012-10-17",
        },
        "PolicyName": "stomPortfolioAssociationsRoleArnProviderCustomPortfolioAssociationsRoleArnProviderProviderLambdaServiceRoleDefaultPolicy5A2D45EB",
        "Roles": [
          {
            "Ref": "CustomPortfolioAssociationsRoleArnProviderCustomPortfolioAssociationsRoleArnProviderProviderLambdaServiceRoleB97F1DC3",
          },
        ],
      },
      "Type": "AWS::IAM::Policy",
    },
    "CustomPortfolioAssociationsRoleArnProviderframeworkonEventF202C45D": {
      "DependsOn": [
        "CustomPortfolioAssociationsRoleArnProviderframeworkonEventServiceRoleDefaultPolicyCFA4199F",
        "CustomPortfolioAssociationsRoleArnProviderframeworkonEventServiceRoleBEFB90CD",
      ],
      "Properties": {
        "Code": {
          "S3Bucket": "cdk-hnb659fds-assets-444444444444-us-east-1",
          "S3Key": "REPLACED-GENERATED-NAME.zip",
        },
        "Description": "AWS CDK resource provider framework - onEvent (AWSAccelerator-CustomizationsStack-444444444444-us-east-1/Custom::PortfolioAssociationsRoleArnProvider/Resource)",
        "Environment": {
          "Variables": {
            "USER_ON_EVENT_FUNCTION_ARN": {
              "Fn::GetAtt": [
                "CustomPortfolioAssociationsRoleArnProviderCustomPortfolioAssociationsRoleArnProviderProviderLambda303083B3",
                "Arn",
              ],
            },
          },
        },
        "Handler": "framework.onEvent",
        "Role": {
          "Fn::GetAtt": [
            "CustomPortfolioAssociationsRoleArnProviderframeworkonEventServiceRoleBEFB90CD",
            "Arn",
          ],
        },
        "Runtime": "nodejs20.x",
        "Timeout": 900,
      },
      "Type": "AWS::Lambda::Function",
    },
    "CustomPortfolioAssociationsRoleArnProviderframeworkonEventServiceRoleBEFB90CD": {
      "Metadata": {
        "cdk_nag": {
          "rules_to_suppress": [
            {
              "id": "AwsSolutions-IAM4",
              "reason": "AWS Custom resource provider framework-role created by cdk.",
            },
          ],
        },
      },
      "Properties": {
        "AssumeRolePolicyDocument": {
          "Statement": [
            {
              "Action": "sts:AssumeRole",
              "Effect": "Allow",
              "Principal": {
                "Service": "lambda.amazonaws.com",
              },
            },
          ],
          "Version": "2012-10-17",
        },
        "ManagedPolicyArns": [
          {
            "Fn::Join": [
              "",
              [
                "arn:",
                {
                  "Ref": "AWS::Partition",
                },
                ":iam::aws:policy/service-role/AWSLambdaBasicExecutionRole",
              ],
            ],
          },
        ],
      },
      "Type": "AWS::IAM::Role",
    },
    "CustomPortfolioAssociationsRoleArnProviderframeworkonEventServiceRoleDefaultPolicyCFA4199F": {
      "Metadata": {
        "cdk_nag": {
          "rules_to_suppress": [
            {
              "id": "AwsSolutions-IAM5",
              "reason": "Allows only specific policy.",
            },
          ],
        },
      },
      "Properties": {
        "PolicyDocument": {
          "Statement": [
            {
              "Action": "lambda:InvokeFunction",
              "Effect": "Allow",
              "Resource": [
                {
                  "Fn::GetAtt": [
                    "CustomPortfolioAssociationsRoleArnProviderCustomPortfolioAssociationsRoleArnProviderProviderLambda303083B3",
                    "Arn",
                  ],
                },
                {
                  "Fn::Join": [
                    "",
                    [
                      {
                        "Fn::GetAtt": [
                          "CustomPortfolioAssociationsRoleArnProviderCustomPortfolioAssociationsRoleArnProviderProviderLambda303083B3",
                          "Arn",
                        ],
                      },
                      ":*",
                    ],
                  ],
                },
              ],
            },
          ],
          "Version": "2012-10-17",
        },
        "PolicyName": "CustomPortfolioAssociationsRoleArnProviderframeworkonEventServiceRoleDefaultPolicyCFA4199F",
        "Roles": [
          {
            "Ref": "CustomPortfolioAssociationsRoleArnProviderframeworkonEventServiceRoleBEFB90CD",
          },
        ],
      },
      "Type": "AWS::IAM::Policy",
    },
    "CustomPropagatePortfolioAssociationsCustomResourceProviderHandler282C1D38": {
      "DependsOn": [
        "CustomPropagatePortfolioAssociationsCustomResourceProviderRole4C66847F",
      ],
      "Properties": {
        "Code": {
          "S3Bucket": "cdk-hnb659fds-assets-444444444444-us-east-1",
          "S3Key": "REPLACED-GENERATED-NAME.zip",
        },
        "Handler": "__entrypoint__.handler",
        "MemorySize": 128,
        "Role": {
          "Fn::GetAtt": [
            "CustomPropagatePortfolioAssociationsCustomResourceProviderRole4C66847F",
            "Arn",
          ],
        },
        "Runtime": "nodejs18.x",
        "Timeout": 900,
      },
      "Type": "AWS::Lambda::Function",
    },
    "CustomPropagatePortfolioAssociationsCustomResourceProviderLogGroup44DE568D": {
      "DeletionPolicy": "Delete",
      "Properties": {
        "LogGroupName": {
          "Fn::Join": [
            "",
            [
              "/aws/lambda/",
              {
                "Ref": "CustomPropagatePortfolioAssociationsCustomResourceProviderHandler282C1D38",
              },
            ],
          ],
        },
        "RetentionInDays": 3653,
      },
      "Type": "AWS::Logs::LogGroup",
      "UpdateReplacePolicy": "Delete",
    },
    "CustomPropagatePortfolioAssociationsCustomResourceProviderRole4C66847F": {
      "Properties": {
        "AssumeRolePolicyDocument": {
          "Statement": [
            {
              "Action": "sts:AssumeRole",
              "Effect": "Allow",
              "Principal": {
                "Service": "lambda.amazonaws.com",
              },
            },
          ],
          "Version": "2012-10-17",
        },
        "ManagedPolicyArns": [
          {
            "Fn::Sub": "arn:\${AWS::Partition}:iam::aws:policy/service-role/AWSLambdaBasicExecutionRole",
          },
        ],
        "Policies": [
          {
            "PolicyDocument": {
              "Statement": [
                {
                  "Action": [
                    "sts:AssumeRole",
                  ],
                  "Effect": "Allow",
                  "Resource": "*",
                  "Sid": "ServiceCatalog",
                },
              ],
              "Version": "2012-10-17",
            },
            "PolicyName": "Inline",
          },
        ],
      },
      "Type": "AWS::IAM::Role",
    },
    "Portfolio2EC2DefaultSSMADRoleRole": {
      "Properties": {
        "PortfolioId": {
          "Ref": "Portfolio2PortfolioBCD692DB",
        },
        "PrincipalARN": {
          "Fn::Join": [
            "",
            [
              "arn:",
              {
                "Ref": "AWS::Partition",
              },
              ":iam::444444444444:role/EC2-Default-SSM-AD-Role",
            ],
          ],
        },
        "PrincipalType": "IAM",
      },
      "Type": "AWS::ServiceCatalog::PortfolioPrincipalAssociation",
    },
    "Portfolio2PermissionSet1444444444444getPermissionSetRoleArnC8C4393D": {
      "DeletionPolicy": "Delete",
      "Properties": {
        "ServiceToken": {
          "Fn::GetAtt": [
            "CustomPortfolioAssociationsRoleArnProviderframeworkonEventF202C45D",
            "Arn",
          ],
        },
        "permissionSetName": "PermissionSet1",
        "uuid": "REPLACED-UUID",
      },
      "Type": "AWS::CloudFormation::CustomResource",
      "UpdateReplacePolicy": "Delete",
    },
    "Portfolio2PermissionSet1PermissionSet": {
      "Properties": {
        "PortfolioId": {
          "Ref": "Portfolio2PortfolioBCD692DB",
        },
        "PrincipalARN": {
          "Fn::GetAtt": [
            "Portfolio2PermissionSet1444444444444getPermissionSetRoleArnC8C4393D",
            "roleArn",
          ],
        },
        "PrincipalType": "IAM",
      },
      "Type": "AWS::ServiceCatalog::PortfolioPrincipalAssociation",
    },
    "Portfolio2PortfolioBCD692DB": {
      "Properties": {
        "DisplayName": "Portfolio-2",
        "ProviderName": "LZA",
      },
      "Type": "AWS::ServiceCatalog::Portfolio",
    },
    "Portfolio2PortfolioPortfolioProductAssociation302916d8118a0471A6BA": {
      "Properties": {
        "PortfolioId": {
          "Ref": "Portfolio2PortfolioBCD692DB",
        },
        "ProductId": {
          "Ref": "Portfolio2PortfolioProduct2Product388CC26D",
        },
      },
      "Type": "AWS::ServiceCatalog::PortfolioProductAssociation",
    },
    "Portfolio2PortfolioPortfolioShare0cd68f1185a6B0D46AF1": {
      "Properties": {
        "AccountId": "222222222222",
        "PortfolioId": {
          "Ref": "Portfolio2PortfolioBCD692DB",
        },
        "ShareTagOptions": false,
      },
      "Type": "AWS::ServiceCatalog::PortfolioShare",
    },
    "Portfolio2PortfolioProduct2Product388CC26D": {
      "Properties": {
        "Description": "Sample product by lZA.",
        "Distributor": "LZA",
        "Name": "Product2",
        "Owner": "LZA",
        "ProvisioningArtifactParameters": [
          {
            "Description": "product version is v1",
            "DisableTemplateValidation": false,
            "Info": {
              "LoadTemplateFromURL": {
                "Fn::Sub": "https://s3.us-east-1.\${AWS::URLSuffix}/cdk-hnb659fds-assets-444444444444-us-east-1/1f420304268aa1de8b41800e1b887efb6dcd863358d324c76ea4fe6cbd8e3765.yaml",
              },
            },
            "Name": "v1",
          },
        ],
        "SupportDescription": "Please include account ID and provisioned product ID.",
        "SupportEmail": "support@example.com",
        "SupportUrl": "https://support.amazon.com",
      },
      "Type": "AWS::ServiceCatalog::CloudFormationProduct",
    },
    "Portfolio2PropagationPropagateAssociationsBF7C9A38": {
      "DeletionPolicy": "Delete",
      "DependsOn": [
        "CustomPropagatePortfolioAssociationsCustomResourceProviderLogGroup44DE568D",
        "Portfolio2PortfolioPortfolioProductAssociation302916d8118a0471A6BA",
        "Portfolio2PortfolioPortfolioShare0cd68f1185a6B0D46AF1",
        "Portfolio2PortfolioBCD692DB",
      ],
      "Properties": {
        "ServiceToken": {
          "Fn::GetAtt": [
            "CustomPropagatePortfolioAssociationsCustomResourceProviderHandler282C1D38",
            "Arn",
          ],
        },
        "crossAccountRole": "AWSAccelerator-CrossAccount-ServiceCatalog-Role",
        "partition": {
          "Ref": "AWS::Partition",
        },
        "portfolioDefinition": "{"name":"Portfolio-2","provider":"LZA","account":"SharedServices","regions":["us-east-1"],"shareTargets":{"accounts":["Audit"]},"portfolioAssociations":[{"type":"Role","name":"EC2-Default-SSM-AD-Role","propagateAssociation":true},{"type":"PermissionSet","name":"PermissionSet1"}],"products":[{"name":"Product2","description":"Sample product by lZA.","owner":"LZA","distributor":"LZA","versions":[{"name":"v1","description":"product version is v1","template":"cloudformation-templates/custom-s3-bucket.yaml","deprecated":false}],"support":{"description":"Please include account ID and provisioned product ID.","email":"support@example.com","url":"https://support.amazon.com"}}]}",
        "portfolioId": {
          "Ref": "Portfolio2PortfolioBCD692DB",
        },
        "shareAccountIds": "222222222222",
        "uuid": "REPLACED-UUID",
      },
      "Type": "Custom::PropagatePortfolioAssociations",
      "UpdateReplacePolicy": "Delete",
    },
    "SsmParamAcceleratorVersionFF83282D": {
      "Properties": {
        "Name": "/accelerator/AWSAccelerator-CustomizationsStack-444444444444-us-east-1/version",
        "Type": "String",
        "Value": "1.9.2",
      },
      "Type": "AWS::SSM::Parameter",
    },
    "SsmParamStackId521A78D3": {
      "Properties": {
        "Name": "/accelerator/AWSAccelerator-CustomizationsStack-444444444444-us-east-1/stack-id",
        "Type": "String",
        "Value": {
          "Ref": "AWS::StackId",
        },
      },
      "Type": "AWS::SSM::Parameter",
    },
  },
}
`;
