// Jest Snapshot v1, https://goo.gl/fbAQLP

exports[`BootstrapStack Construct(BootstrapStack):  Snapshot Test 1`] = `
{
  "Outputs": {
    "BootstrapVersionOutput": {
      "Description": "The version of the bootstrap resources that are currently mastered in this stack",
      "Value": "21",
    },
    "BucketDomainNameOutput": {
      "Description": "The domain name of the S3 bucket owned by the CDK toolkit stack",
      "Value": "cdk-accel-assets-111111111111-us-east-1.s3.us-east-1.amazonaws.com",
    },
    "BucketNameOutput": {
      "Description": "The name of the S3 bucket owned by the CDK toolkit stack",
      "Value": "cdk-accel-assets-111111111111-us-east-1",
    },
    "FileAssetKeyArnOutput": {
      "Description": "The ARN of the KMS key used to encrypt the asset bucket ",
      "Export": {
        "Name": "CdkBootstrap-accel-FileAssetKeyArn",
      },
      "Value": {
        "Fn::GetAtt": [
          "AssetEncryptionKey49BA7B12",
          "Arn",
        ],
      },
    },
    "ImageRepositoryNameOutput": {
      "Description": "The name of the ECR repository which hosts docker image assets ",
      "Value": "cdk-accel-container-assets-111111111111-us-east-1",
    },
  },
  "Parameters": {
    "CloudFormationExecutionPolicies": {
      "Type": "String",
    },
    "ContainerAssetsRepositoryName": {
      "Default": "",
      "Type": "String",
    },
    "FileAssetsBucketKmsKeyId": {
      "Default": "",
      "Type": "String",
    },
    "FileAssetsBucketName": {
      "Default": "",
      "Type": "String",
    },
    "PublicAccessBlockConfiguration": {
      "Type": "String",
    },
    "Qualifier": {
      "Type": "String",
    },
    "TrustedAccounts": {
      "Type": "CommaDelimitedList",
    },
    "TrustedAccountsForLookup": {
      "Type": "String",
    },
  },
  "Resources": {
    "AssetEncryptionKey49BA7B12": {
      "DeletionPolicy": "Retain",
      "Properties": {
        "Description": "Key used to encrypt centralized CDK assets",
        "EnableKeyRotation": true,
        "KeyPolicy": {
          "Statement": [
            {
              "Action": "kms:*",
              "Effect": "Allow",
              "Principal": {
                "AWS": {
                  "Fn::Join": [
                    "",
                    [
                      "arn:",
                      {
                        "Ref": "AWS::Partition",
                      },
                      ":iam::111111111111:root",
                    ],
                  ],
                },
              },
              "Resource": "*",
            },
            {
              "Action": [
                "kms:Create*",
                "kms:Describe*",
                "kms:Enable*",
                "kms:List*",
                "kms:Put*",
                "kms:Update*",
                "kms:Revoke*",
                "kms:Disable*",
                "kms:Get*",
                "kms:Delete*",
                "kms:ScheduleKeyDeletion",
                "kms:CancelKeyDeletion",
                "kms:GenerateDataKey",
                "kms:TagResource",
                "kms:UntagResource",
              ],
              "Effect": "Allow",
              "Principal": {
                "AWS": {
                  "Fn::Join": [
                    "",
                    [
                      "arn:",
                      {
                        "Ref": "AWS::Partition",
                      },
                      ":iam::111111111111:root",
                    ],
                  ],
                },
              },
              "Resource": "*",
              "Sid": "Management Actions",
            },
            {
              "Action": [
                "kms:Encrypt",
                "kms:Decrypt",
                "kms:ReEncrypt*",
                "kms:GenerateDataKey",
                "kms:Describe*",
              ],
              "Condition": {
                "StringEquals": {
                  "aws:PrincipalOrgID": "o-asdf123456",
                  "kms:ViaService": "s3.us-east-1.amazonaws.com",
                },
              },
              "Effect": "Allow",
              "Principal": {
                "AWS": "*",
              },
              "Resource": "*",
              "Sid": "Allow S3 to use the encryption key",
            },
            {
              "Action": [
                "kms:Encrypt",
                "kms:Decrypt",
                "kms:ReEncrypt*",
                "kms:GenerateDataKey",
                "kms:Describe*",
              ],
              "Condition": {
                "ArnLike": {
                  "aws:PrincipalARN": [
                    {
                      "Fn::Join": [
                        "",
                        [
                          "arn:",
                          {
                            "Ref": "AWS::Partition",
                          },
                          ":iam::*:role/cdk-accel*",
                        ],
                      ],
                    },
                    {
                      "Fn::Join": [
                        "",
                        [
                          "arn:",
                          {
                            "Ref": "AWS::Partition",
                          },
                          ":iam::*:role/AWSControlTowerExecution",
                        ],
                      ],
                    },
                    {
                      "Fn::Join": [
                        "",
                        [
                          "arn:",
                          {
                            "Ref": "AWS::Partition",
                          },
                          ":iam::*:role/AWSA-Deployment",
                        ],
                      ],
                    },
                  ],
                },
                "StringEquals": {
                  "aws:PrincipalOrgID": "o-asdf123456",
                },
              },
              "Effect": "Allow",
              "Principal": {
                "AWS": "*",
              },
              "Resource": "*",
              "Sid": "Allow org to perform encryption",
            },
            {
              "Action": [
                "kms:Decrypt",
                "kms:DescribeKey",
                "kms:Encrypt",
                "kms:ReEncrypt*",
                "kms:GenerateDataKey*",
              ],
              "Effect": "Allow",
              "Principal": {
                "Service": "cloudformation.amazonaws.com",
              },
              "Resource": "*",
            },
            {
              "Action": [
                "kms:Decrypt",
                "kms:DescribeKey",
                "kms:Encrypt",
                "kms:ReEncrypt*",
                "kms:GenerateDataKey*",
              ],
              "Effect": "Allow",
              "Principal": {
                "Service": "lambda.amazonaws.com",
              },
              "Resource": "*",
            },
          ],
          "Version": "2012-10-17",
        },
      },
      "Type": "AWS::KMS::Key",
      "UpdateReplacePolicy": "Retain",
    },
    "AssetEncryptionKeyAliasF99A8AC7": {
      "Properties": {
        "AliasName": "alias/accelerator/kms/cdk/key",
        "TargetKeyId": {
          "Fn::GetAtt": [
            "AssetEncryptionKey49BA7B12",
            "Arn",
          ],
        },
      },
      "Type": "AWS::KMS::Alias",
    },
    "CdkBootstrapVersion": {
      "Properties": {
        "Name": "/cdk-bootstrap/accel/version",
        "Type": "String",
        "Value": "21",
      },
      "Type": "AWS::SSM::Parameter",
    },
    "CloudFormationExecutionRole": {
      "Metadata": {
        "cdk_nag": {
          "rules_to_suppress": [
            {
              "id": "AwsSolutions-IAM4",
              "reason": "AWS Custom resource provider framework-role created by cdk.",
            },
          ],
        },
      },
      "Properties": {
        "AssumeRolePolicyDocument": {
          "Statement": [
            {
              "Action": "sts:AssumeRole",
              "Effect": "Allow",
              "Principal": {
                "Service": "cloudformation.amazonaws.com",
              },
            },
          ],
          "Version": "2012-10-17",
        },
        "ManagedPolicyArns": [
          {
            "Fn::Join": [
              "",
              [
                "arn:",
                {
                  "Ref": "AWS::Partition",
                },
                ":iam::aws:policy/AdministratorAccess",
              ],
            ],
          },
        ],
        "RoleName": "cdk-accel-cfn-exec-role-111111111111-us-east-1",
      },
      "Type": "AWS::IAM::Role",
    },
    "ContainerAssetsRepository": {
      "DeletionPolicy": "Retain",
      "Properties": {
        "ImageTagMutability": "IMMUTABLE",
        "RepositoryName": "cdk-accel-container-assets-111111111111-us-east-1",
        "RepositoryPolicyText": {
          "Statement": [
            {
              "Action": [
                "ecr:BatchGetImage",
                "ecr:GetDownloadUrlForLayer",
              ],
              "Condition": {
                "StringLike": {
                  "aws:sourceArn": {
                    "Fn::Join": [
                      "",
                      [
                        "arn:",
                        {
                          "Ref": "AWS::Partition",
                        },
                        ":lambda:us-east-1:111111111111:function:*",
                      ],
                    ],
                  },
                },
              },
              "Effect": "Allow",
              "Principal": {
                "Service": "lambda.amazonaws.com",
              },
              "Sid": "LambdaECRImageRetrievalPolicy-insecure-connections",
            },
          ],
          "Version": "2012-10-17",
        },
      },
      "Type": "AWS::ECR::Repository",
      "UpdateReplacePolicy": "Retain",
    },
    "CustomDeploymentRole": {
      "Metadata": {
        "cdk_nag": {
          "rules_to_suppress": [
            {
              "id": "AwsSolutions-IAM4",
              "reason": "AWS Custom resource provider framework-role created by cdk.",
            },
          ],
        },
      },
      "Properties": {
        "AssumeRolePolicyDocument": {
          "Statement": [
            {
              "Action": "sts:AssumeRole",
              "Effect": "Allow",
              "Principal": {
                "AWS": {
                  "Fn::Join": [
                    "",
                    [
                      "arn:",
                      {
                        "Ref": "AWS::Partition",
                      },
                      ":iam::111111111111:root",
                    ],
                  ],
                },
              },
            },
            {
              "Action": "sts:AssumeRole",
              "Effect": "Allow",
              "Principal": {
                "Service": "cloudformation.amazonaws.com",
              },
            },
            {
              "Action": "sts:AssumeRole",
              "Condition": {
                "StringEquals": {
                  "AWS:PrincipalArn": {
                    "Fn::Join": [
                      "",
                      [
                        "arn:",
                        {
                          "Ref": "AWS::Partition",
                        },
                        ":iam::111111111111:role/AWSA-Deployment",
                      ],
                    ],
                  },
                },
              },
              "Effect": "Allow",
              "Principal": {
                "AWS": {
                  "Fn::Join": [
                    "",
                    [
                      "arn:",
                      {
                        "Ref": "AWS::Partition",
                      },
                      ":iam::111111111111:root",
                    ],
                  ],
                },
              },
            },
          ],
          "Version": "2012-10-17",
        },
        "ManagedPolicyArns": [
          {
            "Fn::Join": [
              "",
              [
                "arn:",
                {
                  "Ref": "AWS::Partition",
                },
                ":iam::aws:policy/AdministratorAccess",
              ],
            ],
          },
        ],
        "RoleName": "AWSA-Deployment",
      },
      "Type": "AWS::IAM::Role",
    },
    "DeploymentActionRole": {
      "Metadata": {
        "cdk_nag": {
          "rules_to_suppress": [
            {
              "id": "AwsSolutions-IAM5",
              "reason": "Allows only specific policy.",
            },
          ],
        },
      },
      "Properties": {
        "AssumeRolePolicyDocument": {
          "Statement": [
            {
              "Action": "sts:AssumeRole",
              "Effect": "Allow",
              "Principal": {
                "AWS": {
                  "Fn::Join": [
                    "",
                    [
                      "arn:",
                      {
                        "Ref": "AWS::Partition",
                      },
                      ":iam::111111111111:root",
                    ],
                  ],
                },
              },
            },
          ],
          "Version": "2012-10-17",
        },
        "Policies": [
          {
            "PolicyDocument": {
              "Statement": [
                {
                  "Action": [
                    "cloudformation:CreateChangeSet",
                    "cloudformation:DeleteChangeSet",
                    "cloudformation:DescribeChangeSet",
                    "cloudformation:DescribeStacks",
                    "cloudformation:ExecuteChangeSet",
                    "cloudformation:CreateStack",
                    "cloudformation:UpdateStack",
                  ],
                  "Effect": "Allow",
                  "Resource": "*",
                  "Sid": "CloudFormationPermissions",
                },
                {
                  "Action": [
                    "s3:GetObject*",
                    "s3:GetBucket*",
                    "s3:List*",
                    "s3:Abort*",
                    "s3:DeleteObject*",
                    "s3:PutObject*",
                  ],
                  "Effect": "Allow",
                  "Resource": [
                    {
                      "Fn::Join": [
                        "",
                        [
                          "arn:",
                          {
                            "Ref": "AWS::Partition",
                          },
                          ":s3:::cdk-accel-assets-111111111111-us-east-1",
                        ],
                      ],
                    },
                    {
                      "Fn::Join": [
                        "",
                        [
                          "arn:",
                          {
                            "Ref": "AWS::Partition",
                          },
                          ":s3:::cdk-accel-assets-111111111111-us-east-1/*",
                        ],
                      ],
                    },
                  ],
                  "Sid": "PipelineCrossAccountArtifactsBucket",
                },
                {
                  "Action": "iam:PassRole",
                  "Effect": "Allow",
                  "Resource": {
                    "Fn::GetAtt": [
                      "CloudFormationExecutionRole",
                      "Arn",
                    ],
                  },
                  "Sid": "CliPermissions",
                },
                {
                  "Action": [
                    "cloudformation:DescribeStackEvents",
                    "cloudformation:GetTemplate",
                    "cloudformation:DeleteStack",
                    "cloudformation:UpdateTerminationProtection",
                    "sts:GetCallerIdentity",
                  ],
                  "Effect": "Allow",
                  "Resource": "*",
                  "Sid": "CfnPermissions",
                },
                {
                  "Action": [
                    "s3:GetObject*",
                    "s3:GetBucket*",
                    "s3:List*",
                  ],
                  "Effect": "Allow",
                  "Resource": [
                    {
                      "Fn::Join": [
                        "",
                        [
                          "arn:",
                          {
                            "Ref": "AWS::Partition",
                          },
                          ":s3:::cdk-accel-assets-111111111111-us-east-1",
                        ],
                      ],
                    },
                    {
                      "Fn::Join": [
                        "",
                        [
                          "arn:",
                          {
                            "Ref": "AWS::Partition",
                          },
                          ":s3:::cdk-accel-assets-111111111111-us-east-1/*",
                        ],
                      ],
                    },
                  ],
                  "Sid": "CliStagingBucket",
                },
                {
                  "Action": [
                    "ssm:GetParameter",
                    "ssm:GetParameters",
                  ],
                  "Effect": "Allow",
                  "Resource": {
                    "Fn::Join": [
                      "",
                      [
                        "arn:",
                        {
                          "Ref": "AWS::Partition",
                        },
                        ":ssm:us-east-1:111111111111:parameter",
                        {
                          "Ref": "CdkBootstrapVersion",
                        },
                      ],
                    ],
                  },
                  "Sid": "ReadVersion",
                },
              ],
              "Version": "2012-10-17",
            },
            "PolicyName": "default",
          },
        ],
        "RoleName": "cdk-accel-deploy-role-111111111111-us-east-1",
      },
      "Type": "AWS::IAM::Role",
    },
    "FilePublishingRole": {
      "Properties": {
        "AssumeRolePolicyDocument": {
          "Statement": [
            {
              "Action": "sts:AssumeRole",
              "Effect": "Allow",
              "Principal": {
                "AWS": {
                  "Fn::Join": [
                    "",
                    [
                      "arn:",
                      {
                        "Ref": "AWS::Partition",
                      },
                      ":iam::111111111111:root",
                    ],
                  ],
                },
              },
            },
          ],
          "Version": "2012-10-17",
        },
        "RoleName": "cdk-accel-file-publishing-role-111111111111-us-east-1",
      },
      "Type": "AWS::IAM::Role",
    },
    "FilePublishingRoleDefaultPolicy": {
      "Metadata": {
        "cdk_nag": {
          "rules_to_suppress": [
            {
              "id": "AwsSolutions-IAM5",
              "reason": "Allows only specific policy.",
            },
          ],
        },
      },
      "Properties": {
        "PolicyDocument": {
          "Statement": [
            {
              "Action": [
                "s3:GetObject*",
                "s3:GetBucket*",
                "s3:GetEncryptionConfiguration",
                "s3:List*",
                "s3:DeleteObject*",
                "s3:PutObject*",
                "s3:Abort*",
              ],
              "Effect": "Allow",
              "Resource": [
                {
                  "Fn::Join": [
                    "",
                    [
                      "arn:",
                      {
                        "Ref": "AWS::Partition",
                      },
                      ":s3:::cdk-accel-assets-111111111111-us-east-1",
                    ],
                  ],
                },
                {
                  "Fn::Join": [
                    "",
                    [
                      "arn:",
                      {
                        "Ref": "AWS::Partition",
                      },
                      ":s3:::cdk-accel-assets-111111111111-us-east-1/*",
                    ],
                  ],
                },
              ],
            },
            {
              "Action": [
                "kms:Decrypt",
                "kms:DescribeKey",
                "kms:Encrypt",
                "kms:ReEncrypt*",
                "kms:GenerateDataKey*",
              ],
              "Effect": "Allow",
              "Resource": "*",
            },
          ],
          "Version": "2012-10-17",
        },
        "PolicyName": "cdk-accel-file-publishing-role-default-policy-111111111111-us-east-1",
        "Roles": [
          {
            "Ref": "FilePublishingRole",
          },
        ],
      },
      "Type": "AWS::IAM::Policy",
    },
    "ImagePublishingRole": {
      "Properties": {
        "AssumeRolePolicyDocument": {
          "Statement": [
            {
              "Action": "sts:AssumeRole",
              "Effect": "Allow",
              "Principal": {
                "AWS": {
                  "Fn::Join": [
                    "",
                    [
                      "arn:",
                      {
                        "Ref": "AWS::Partition",
                      },
                      ":iam::111111111111:root",
                    ],
                  ],
                },
              },
            },
          ],
          "Version": "2012-10-17",
        },
        "RoleName": "cdk-accel-image-publishing-role-111111111111-us-east-1",
      },
      "Type": "AWS::IAM::Role",
    },
    "ImagePublishingRoleDefaultPolicy": {
      "Metadata": {
        "cdk_nag": {
          "rules_to_suppress": [
            {
              "id": "AwsSolutions-IAM5",
              "reason": "Allows only specific policy.",
            },
          ],
        },
      },
      "Properties": {
        "PolicyDocument": {
          "Statement": [
            {
              "Action": [
                "ecr:PutImage",
                "ecr:InitiateLayerUpload",
                "ecr:UploadLayerPart",
                "ecr:CompleteLayerUpload",
                "ecr:BatchCheckLayerAvailability",
                "ecr:DescribeRepositories",
                "ecr:DescribeImages",
                "ecr:BatchGetImage",
                "ecr:GetDownloadUrlForLayer",
              ],
              "Effect": "Allow",
              "Resource": {
                "Fn::Join": [
                  "",
                  [
                    "arn:",
                    {
                      "Ref": "AWS::Partition",
                    },
                    ":ecr:us-east-1:111111111111:repository/cdk-accel-container-assets-111111111111-us-east-1",
                  ],
                ],
              },
            },
            {
              "Action": "ecr:GetAuthorizationToken",
              "Effect": "Allow",
              "Resource": "*",
            },
          ],
          "Version": "2012-10-17",
        },
        "PolicyName": "cdk-accel-image-publishing-role-default-policy-111111111111-us-east-1",
        "Roles": [
          {
            "Ref": "ImagePublishingRole",
          },
        ],
      },
      "Type": "AWS::IAM::Policy",
    },
    "LookupRole": {
      "Metadata": {
        "cdk_nag": {
          "rules_to_suppress": [
            {
              "id": "AwsSolutions-IAM4",
              "reason": "AWS Custom resource provider framework-role created by cdk.",
            },
            {
              "id": "AwsSolutions-IAM5",
              "reason": "Allows only specific policy.",
            },
          ],
        },
      },
      "Properties": {
        "AssumeRolePolicyDocument": {
          "Statement": [
            {
              "Action": "sts:AssumeRole",
              "Effect": "Allow",
              "Principal": {
                "AWS": {
                  "Fn::Join": [
                    "",
                    [
                      "arn:",
                      {
                        "Ref": "AWS::Partition",
                      },
                      ":iam::111111111111:root",
                    ],
                  ],
                },
              },
            },
          ],
          "Version": "2012-10-17",
        },
        "ManagedPolicyArns": [
          {
            "Fn::Join": [
              "",
              [
                "arn:",
                {
                  "Ref": "AWS::Partition",
                },
                ":iam::aws:policy/ReadOnlyAccess",
              ],
            ],
          },
        ],
        "Policies": [
          {
            "PolicyDocument": {
              "Statement": [
                {
                  "Action": "kms:Decrypt",
                  "Effect": "Deny",
                  "Resource": "*",
                  "Sid": "DontReadSecrets",
                },
              ],
              "Version": "2012-10-17",
            },
            "PolicyName": "LookupRolePolicy",
          },
        ],
        "RoleName": "cdk-accel-lookup-role-111111111111-us-east-1",
      },
      "Type": "AWS::IAM::Role",
    },
    "PipelineCrossAccountArtifactsKey6069D325": {
      "Metadata": {
        "cdk_nag": {
          "rules_to_suppress": [
            {
              "id": "AwsSolutions-IAM5",
              "reason": "Allows only specific policy.",
            },
          ],
        },
      },
      "Properties": {
        "PolicyDocument": {
          "Statement": [
            {
              "Action": [
                "kms:Decrypt",
                "kms:DescribeKey",
                "kms:Encrypt",
                "kms:ReEncrypt*",
                "kms:GenerateDataKey*",
              ],
              "Condition": {
                "StringEquals": {
                  "kms:ViaService": "s3.us-east-1.amazonaws.com",
                },
              },
              "Effect": "Allow",
              "Resource": {
                "Fn::Split": [
                  "|",
                  {
                    "Fn::Sub": [
                      "arn:\${AWS::Partition}:kms:*:\${JoinedAccounts}:*",
                      {
                        "JoinedAccounts": {
                          "Fn::Join": [
                            ":*|arn:\${AWS::Partition}:kms:*:",
                            {
                              "Ref": "TrustedAccounts",
                            },
                          ],
                        },
                      },
                    ],
                  },
                ],
              },
              "Sid": "PipelineCrossAccountArtifactsKey",
            },
          ],
          "Version": "2012-10-17",
        },
        "PolicyName": "PipelineCrossAccountArtifactsKey6069D325",
        "Roles": [
          {
            "Ref": "DeploymentActionRole",
          },
        ],
      },
      "Type": "AWS::IAM::Policy",
    },
    "SsmParamAcceleratorVersionFF83282D": {
      "Properties": {
        "Name": "/accelerator/AWSAccelerator-BootstrapStack-111111111111-us-east-1/version",
        "Type": "String",
        "Value": "1.10.1",
      },
      "Type": "AWS::SSM::Parameter",
    },
    "SsmParamStackId521A78D3": {
      "Properties": {
        "Name": "/accelerator/AWSAccelerator-BootstrapStack-111111111111-us-east-1/stack-id",
        "Type": "String",
        "Value": {
          "Ref": "AWS::StackId",
        },
      },
      "Type": "AWS::SSM::Parameter",
    },
    "StagingBucket": {
      "DeletionPolicy": "Retain",
      "Metadata": {
        "cdk_nag": {
          "rules_to_suppress": [
            {
              "id": "AwsSolutions-S1",
              "reason": "StagingBucket has server access logs disabled until the task for access logging completed.",
            },
            {
              "id": "AwsSolutions-S10",
              "reason": "StagingBucket denies insecure requests via the bucket policy.",
            },
          ],
        },
      },
      "Properties": {
        "AccessControl": "Private",
        "BucketEncryption": {
          "ServerSideEncryptionConfiguration": [
            {
              "ServerSideEncryptionByDefault": {
                "KMSMasterKeyID": {
                  "Fn::GetAtt": [
                    "AssetEncryptionKey49BA7B12",
                    "Arn",
                  ],
                },
                "SSEAlgorithm": "aws:kms",
              },
            },
          ],
        },
        "BucketName": "cdk-accel-assets-111111111111-us-east-1",
        "LifecycleConfiguration": {
          "Rules": [
            {
              "Id": "CleanupOldVersions",
              "NoncurrentVersionExpiration": {
                "NoncurrentDays": 365,
              },
              "Status": "Enabled",
            },
          ],
        },
        "OwnershipControls": {
          "Rules": [
            {
              "ObjectOwnership": "BucketOwnerPreferred",
            },
          ],
        },
        "PublicAccessBlockConfiguration": {
          "BlockPublicAcls": true,
          "BlockPublicPolicy": true,
          "IgnorePublicAcls": true,
          "RestrictPublicBuckets": true,
        },
        "VersioningConfiguration": {
          "Status": "Enabled",
        },
      },
      "Type": "AWS::S3::Bucket",
      "UpdateReplacePolicy": "Retain",
    },
    "StagingBucketPolicy83BEDEEE": {
      "Properties": {
        "Bucket": {
          "Ref": "StagingBucket",
        },
        "PolicyDocument": {
          "Statement": [
            {
              "Action": [
                "s3:GetObject*",
                "s3:GetBucket*",
                "s3:List*",
                "s3:DeleteObject*",
                "s3:PutObject",
                "s3:PutObjectLegalHold",
                "s3:PutObjectRetention",
                "s3:PutObjectTagging",
                "s3:PutObjectVersionTagging",
                "s3:Abort*",
              ],
              "Effect": "Allow",
              "Principal": {
                "Service": "cloudformation.amazonaws.com",
              },
              "Resource": [
                {
                  "Fn::GetAtt": [
                    "StagingBucket",
                    "Arn",
                  ],
                },
                {
                  "Fn::Join": [
                    "",
                    [
                      {
                        "Fn::GetAtt": [
                          "StagingBucket",
                          "Arn",
                        ],
                      },
                      "/*",
                    ],
                  ],
                },
              ],
            },
            {
              "Action": [
                "s3:GetObject*",
                "s3:GetBucket*",
                "s3:List*",
                "s3:DeleteObject*",
                "s3:PutObject",
                "s3:PutObjectLegalHold",
                "s3:PutObjectRetention",
                "s3:PutObjectTagging",
                "s3:PutObjectVersionTagging",
                "s3:Abort*",
              ],
              "Effect": "Allow",
              "Principal": {
                "Service": "lambda.amazonaws.com",
              },
              "Resource": [
                {
                  "Fn::GetAtt": [
                    "StagingBucket",
                    "Arn",
                  ],
                },
                {
                  "Fn::Join": [
                    "",
                    [
                      {
                        "Fn::GetAtt": [
                          "StagingBucket",
                          "Arn",
                        ],
                      },
                      "/*",
                    ],
                  ],
                },
              ],
            },
            {
              "Action": "s3:*",
              "Condition": {
                "ArnLike": {
                  "aws:PrincipalARN": [
                    {
                      "Fn::Join": [
                        "",
                        [
                          "arn:",
                          {
                            "Ref": "AWS::Partition",
                          },
                          ":iam::*:role/cdk-accel*",
                        ],
                      ],
                    },
                    {
                      "Fn::Join": [
                        "",
                        [
                          "arn:",
                          {
                            "Ref": "AWS::Partition",
                          },
                          ":iam::*:role/AWSControlTowerExecution",
                        ],
                      ],
                    },
                    {
                      "Fn::Join": [
                        "",
                        [
                          "arn:",
                          {
                            "Ref": "AWS::Partition",
                          },
                          ":iam::*:role/AWSA-Deployment",
                        ],
                      ],
                    },
                  ],
                },
                "StringEquals": {
                  "aws:PrincipalOrgID": "o-asdf123456",
                },
              },
              "Effect": "Allow",
              "Principal": {
                "AWS": "*",
              },
              "Resource": [
                {
                  "Fn::Join": [
                    "",
                    [
                      {
                        "Fn::GetAtt": [
                          "StagingBucket",
                          "Arn",
                        ],
                      },
                      "/*",
                    ],
                  ],
                },
                {
                  "Fn::GetAtt": [
                    "StagingBucket",
                    "Arn",
                  ],
                },
              ],
              "Sid": "cdk-read-write-access",
            },
            {
              "Action": "s3:*",
              "Condition": {
                "Bool": {
                  "aws:SecureTransport": "false",
                },
              },
              "Effect": "Deny",
              "Principal": {
                "AWS": "*",
              },
              "Resource": {
                "Fn::Join": [
                  "",
                  [
                    {
                      "Fn::GetAtt": [
                        "StagingBucket",
                        "Arn",
                      ],
                    },
                    "/*",
                  ],
                ],
              },
              "Sid": "deny-insecure-connections",
            },
          ],
          "Version": "2012-10-17",
        },
      },
      "Type": "AWS::S3::BucketPolicy",
    },
  },
}
`;
