// Jest Snapshot v1, https://goo.gl/fbAQLP

exports[`KeyStack Construct(KeyStack):  Snapshot Test 1`] = `
{
  "Resources": {
    "AcceleratorKeyAlias692B87F4": {
      "Properties": {
        "AliasName": "alias/accelerator/kms/key",
        "TargetKeyId": {
          "Fn::GetAtt": [
            "AcceleratorKeyF6E5723B",
            "Arn",
          ],
        },
      },
      "Type": "AWS::KMS::Alias",
    },
    "AcceleratorKeyF6E5723B": {
      "DeletionPolicy": "Retain",
      "Properties": {
        "Description": "AWS Accelerator Kms Key",
        "EnableKeyRotation": true,
        "KeyPolicy": {
          "Statement": [
            {
              "Action": "kms:*",
              "Effect": "Allow",
              "Principal": {
                "AWS": {
                  "Fn::Join": [
                    "",
                    [
                      "arn:",
                      {
                        "Ref": "AWS::Partition",
                      },
                      ":iam::222222222222:root",
                    ],
                  ],
                },
              },
              "Resource": "*",
            },
            {
              "Action": [
                "kms:Encrypt",
                "kms:Decrypt",
                "kms:ReEncrypt*",
                "kms:GenerateDataKey*",
                "kms:DescribeKey",
              ],
              "Condition": {
                "ArnLike": {
                  "aws:PrincipalARN": [
                    {
                      "Fn::Join": [
                        "",
                        [
                          "arn:",
                          {
                            "Ref": "AWS::Partition",
                          },
                          ":iam::*:role/AWSAccelerator-*",
                        ],
                      ],
                    },
                  ],
                },
                "StringEquals": {
                  "aws:PrincipalOrgID": "o-asdf123456",
                },
              },
              "Effect": "Allow",
              "Principal": {
                "AWS": "*",
              },
              "Resource": "*",
              "Sid": "Allow Accelerator Role to use the encryption key",
            },
            {
              "Action": [
                "kms:Encrypt*",
                "kms:Decrypt*",
                "kms:ReEncrypt*",
                "kms:GenerateDataKey*",
                "kms:Describe*",
              ],
              "Condition": {
                "ArnLike": {
                  "kms:EncryptionContext:aws:logs:arn": {
                    "Fn::Join": [
                      "",
                      [
                        "arn:",
                        {
                          "Ref": "AWS::Partition",
                        },
                        ":logs:us-east-1:*:log-group:*",
                      ],
                    ],
                  },
                },
              },
              "Effect": "Allow",
              "Principal": {
                "Service": "logs.us-east-1.amazonaws.com",
              },
              "Resource": "*",
              "Sid": "Allow Cloudwatch logs to use the encryption key",
            },
            {
              "Action": "kms:CreateGrant",
              "Condition": {
                "Bool": {
                  "kms:GrantIsForAWSResource": "true",
                },
                "StringLike": {
                  "aws:PrincipalOrgID": "o-asdf123456",
                  "kms:ViaService": "auditmanager.*.amazonaws.com",
                },
              },
              "Effect": "Allow",
              "Principal": {
                "AWS": "*",
              },
              "Resource": "*",
              "Sid": "Allow Audit Manager service to provision encryption key grants",
            },
            {
              "Action": [
                "kms:Encrypt",
                "kms:Decrypt",
                "kms:ReEncrypt*",
                "kms:GenerateDataKey*",
                "kms:DescribeKey",
              ],
              "Effect": "Allow",
              "Principal": {
                "Service": "sns.amazonaws.com",
              },
              "Resource": "*",
              "Sid": "Allow Sns service to use the encryption key",
            },
            {
              "Action": [
                "kms:Encrypt",
                "kms:Decrypt",
                "kms:ReEncrypt*",
                "kms:GenerateDataKey*",
                "kms:DescribeKey",
              ],
              "Effect": "Allow",
              "Principal": {
                "Service": "lambda.amazonaws.com",
              },
              "Resource": "*",
              "Sid": "Allow Lambda service to use the encryption key",
            },
            {
              "Action": [
                "kms:Encrypt",
                "kms:Decrypt",
                "kms:ReEncrypt*",
                "kms:GenerateDataKey*",
                "kms:DescribeKey",
              ],
              "Effect": "Allow",
              "Principal": {
                "Service": "cloudwatch.amazonaws.com",
              },
              "Resource": "*",
              "Sid": "Allow Cloudwatch service to use the encryption key",
            },
            {
              "Action": [
                "kms:Encrypt",
                "kms:Decrypt",
                "kms:ReEncrypt*",
                "kms:GenerateDataKey*",
                "kms:DescribeKey",
              ],
              "Effect": "Allow",
              "Principal": {
                "Service": "sqs.amazonaws.com",
              },
              "Resource": "*",
              "Sid": "Allow Sqs service to use the encryption key",
            },
            {
              "Action": [
                "kms:Encrypt",
                "kms:Decrypt",
                "kms:ReEncrypt*",
                "kms:GenerateDataKey*",
                "kms:DescribeKey",
              ],
              "Effect": "Allow",
              "Principal": {
                "Service": "macie.amazonaws.com",
              },
              "Resource": "*",
              "Sid": "Allow Macie service to use the encryption key",
            },
            {
              "Action": [
                "kms:Encrypt",
                "kms:Decrypt",
                "kms:ReEncrypt*",
                "kms:GenerateDataKey*",
                "kms:DescribeKey",
              ],
              "Effect": "Allow",
              "Principal": {
                "Service": "guardduty.amazonaws.com",
              },
              "Resource": "*",
              "Sid": "Allow Guardduty service to use the encryption key",
            },
            {
              "Action": [
                "kms:Encrypt",
                "kms:Decrypt",
                "kms:ReEncrypt*",
                "kms:GenerateDataKey*",
                "kms:DescribeKey",
              ],
              "Effect": "Allow",
              "Principal": {
                "Service": "auditmanager.amazonaws.com",
              },
              "Resource": "*",
              "Sid": "Allow AuditManager service to use the encryption key",
            },
          ],
          "Version": "2012-10-17",
        },
      },
      "Type": "AWS::KMS::Key",
      "UpdateReplacePolicy": "Retain",
    },
    "AcceleratorKmsArnParameter5898E452": {
      "Properties": {
        "Name": "/accelerator/kms/key-arn",
        "Type": "String",
        "Value": {
          "Fn::GetAtt": [
            "AcceleratorKeyF6E5723B",
            "Arn",
          ],
        },
      },
      "Type": "AWS::SSM::Parameter",
    },
    "CrossAccountAcceleratorSsmParamAccessRoleEC51D0AC": {
      "Metadata": {
        "cdk_nag": {
          "rules_to_suppress": [
            {
              "id": "AwsSolutions-IAM5",
              "reason": "This policy is required to give access to ssm parameters in every region where accelerator deployed. Various accelerator roles need permission to describe SSM parameters.",
            },
          ],
        },
      },
      "Properties": {
        "AssumeRolePolicyDocument": {
          "Statement": [
            {
              "Action": "sts:AssumeRole",
              "Condition": {
                "ArnLike": {
                  "aws:PrincipalArn": {
                    "Fn::Join": [
                      "",
                      [
                        "arn:",
                        {
                          "Ref": "AWS::Partition",
                        },
                        ":iam::*:role/AWSAccelerator*",
                      ],
                    ],
                  },
                },
                "StringEquals": {
                  "aws:PrincipalOrgID": "o-asdf123456",
                },
              },
              "Effect": "Allow",
              "Principal": {
                "AWS": "*",
              },
            },
          ],
          "Version": "2012-10-17",
        },
        "Policies": [
          {
            "PolicyDocument": {
              "Statement": [
                {
                  "Action": [
                    "ssm:GetParameters",
                    "ssm:GetParameter",
                  ],
                  "Condition": {
                    "ArnLike": {
                      "aws:PrincipalARN": [
                        {
                          "Fn::Join": [
                            "",
                            [
                              "arn:",
                              {
                                "Ref": "AWS::Partition",
                              },
                              ":iam::*:role/AWSAccelerator-*",
                            ],
                          ],
                        },
                      ],
                    },
                    "StringEquals": {
                      "aws:PrincipalOrgID": "o-asdf123456",
                    },
                  },
                  "Effect": "Allow",
                  "Resource": [
                    {
                      "Fn::Join": [
                        "",
                        [
                          "arn:",
                          {
                            "Ref": "AWS::Partition",
                          },
                          ":ssm:*:222222222222:parameter/accelerator/kms/key-arn",
                        ],
                      ],
                    },
                    {
                      "Fn::Join": [
                        "",
                        [
                          "arn:",
                          {
                            "Ref": "AWS::Partition",
                          },
                          ":ssm:*:222222222222:parameter/accelerator/kms/s3/key-arn",
                        ],
                      ],
                    },
                  ],
                },
                {
                  "Action": "ssm:DescribeParameters",
                  "Condition": {
                    "ArnLike": {
                      "aws:PrincipalARN": [
                        {
                          "Fn::Join": [
                            "",
                            [
                              "arn:",
                              {
                                "Ref": "AWS::Partition",
                              },
                              ":iam::*:role/AWSAccelerator-*",
                            ],
                          ],
                        },
                      ],
                    },
                    "StringEquals": {
                      "aws:PrincipalOrgID": "o-asdf123456",
                    },
                  },
                  "Effect": "Allow",
                  "Resource": "*",
                },
              ],
              "Version": "2012-10-17",
            },
            "PolicyName": "default",
          },
        ],
        "RoleName": "AWSAccelerator-CrossAccount-SsmParameter-Role",
      },
      "Type": "AWS::IAM::Role",
    },
    "SsmParamAcceleratorVersionFF83282D": {
      "Properties": {
        "Name": "/accelerator/AWSAccelerator-KeyStack-222222222222-us-east-1/version",
        "Type": "String",
        "Value": "1.10.1",
      },
      "Type": "AWS::SSM::Parameter",
    },
    "SsmParamStackId521A78D3": {
      "Properties": {
        "Name": "/accelerator/AWSAccelerator-KeyStack-222222222222-us-east-1/stack-id",
        "Type": "String",
        "Value": {
          "Ref": "AWS::StackId",
        },
      },
      "Type": "AWS::SSM::Parameter",
    },
  },
}
`;
