// Jest Snapshot v1, https://goo.gl/fbAQLP

exports[`PolicyAttachment Construct(PolicyAttachment):  Snapshot Test 1`] = `
{
  "Resources": {
    "CustomKey1E6D0D07": {
      "DeletionPolicy": "Retain",
      "Properties": {
        "KeyPolicy": {
          "Statement": [
            {
              "Action": "kms:*",
              "Effect": "Allow",
              "Principal": {
                "AWS": {
                  "Fn::Join": [
                    "",
                    [
                      "arn:",
                      {
                        "Ref": "AWS::Partition",
                      },
                      ":iam::",
                      {
                        "Ref": "AWS::AccountId",
                      },
                      ":root",
                    ],
                  ],
                },
              },
              "Resource": "*",
            },
          ],
          "Version": "2012-10-17",
        },
      },
      "Type": "AWS::KMS::Key",
      "UpdateReplacePolicy": "Retain",
    },
    "CustomOrganizationsAttachPolicyCustomResourceProviderHandlerB3233202": {
      "DependsOn": [
        "CustomOrganizationsAttachPolicyCustomResourceProviderRole051E00A6",
      ],
      "Properties": {
        "Code": {
          "S3Bucket": {
            "Fn::Sub": "cdk-hnb659fds-assets-\${AWS::AccountId}-\${AWS::Region}",
          },
          "S3Key": "REPLACED-GENERATED-NAME.zip",
        },
        "Handler": "__entrypoint__.handler",
        "MemorySize": 128,
        "Role": {
          "Fn::GetAtt": [
            "CustomOrganizationsAttachPolicyCustomResourceProviderRole051E00A6",
            "Arn",
          ],
        },
        "Runtime": "nodejs18.x",
        "Timeout": 900,
      },
      "Type": "AWS::Lambda::Function",
    },
    "CustomOrganizationsAttachPolicyCustomResourceProviderLogGroup03FEC039": {
      "DeletionPolicy": "Delete",
      "Properties": {
        "KmsKeyId": {
          "Fn::GetAtt": [
            "CustomKey1E6D0D07",
            "Arn",
          ],
        },
        "LogGroupName": {
          "Fn::Join": [
            "",
            [
              "/aws/lambda/",
              {
                "Ref": "CustomOrganizationsAttachPolicyCustomResourceProviderHandlerB3233202",
              },
            ],
          ],
        },
        "RetentionInDays": 3653,
      },
      "Type": "AWS::Logs::LogGroup",
      "UpdateReplacePolicy": "Delete",
    },
    "CustomOrganizationsAttachPolicyCustomResourceProviderRole051E00A6": {
      "Properties": {
        "AssumeRolePolicyDocument": {
          "Statement": [
            {
              "Action": "sts:AssumeRole",
              "Effect": "Allow",
              "Principal": {
                "Service": "lambda.amazonaws.com",
              },
            },
          ],
          "Version": "2012-10-17",
        },
        "ManagedPolicyArns": [
          {
            "Fn::Sub": "arn:\${AWS::Partition}:iam::aws:policy/service-role/AWSLambdaBasicExecutionRole",
          },
        ],
        "Policies": [
          {
            "PolicyDocument": {
              "Statement": [
                {
                  "Action": [
                    "organizations:AttachPolicy",
                    "organizations:DetachPolicy",
                    "organizations:ListPoliciesForTarget",
                    "organizations:ListTagsForResource",
                    "organizations:ListPolicies",
                  ],
                  "Effect": "Allow",
                  "Resource": "*",
                },
              ],
              "Version": "2012-10-17",
            },
            "PolicyName": "Inline",
          },
        ],
      },
      "Type": "AWS::IAM::Role",
    },
    "PolicyAttachmentE9E858C2": {
      "DeletionPolicy": "Delete",
      "DependsOn": [
        "CustomOrganizationsAttachPolicyCustomResourceProviderLogGroup03FEC039",
      ],
      "Properties": {
        "ServiceToken": {
          "Fn::GetAtt": [
            "CustomOrganizationsAttachPolicyCustomResourceProviderHandlerB3233202",
            "Arn",
          ],
        },
        "configPolicyNames": [
          "AcceleratorGuardrails1",
          "AcceleratorGuardrails2",
        ],
        "partition": {
          "Ref": "AWS::Partition",
        },
        "policyId": "policyId",
        "policyTagKey": "AWSAcceleratorManaged",
        "strategy": "deny-list",
        "targetId": "targetId",
        "type": "SERVICE_CONTROL_POLICY",
        "uuid": "REPLACED-MD5",
      },
      "Type": "Custom::AttachPolicy",
      "UpdateReplacePolicy": "Delete",
    },
  },
}
`;
